
> stroke-dashboard@0.0.0 build
> vite build

[36mvite v7.3.1 [32mbuilding client environment for production...[36m[39m
transforming...
[32mΓ£ô[39m 49 modules transformed.
node.exe : [31mΓ£ù[39m 
Build failed in 2.04s
At line:1 char:1
+ & "C:\Program 
Files\nodejs/node.exe" 
"C:\Program 
Files\nodejs/node_mo ...
+ ~~~~~~~~~~~~~~~~~~~~~~~~~~~
~~~~~~~~~~~~~~~~~~~~~~~~~~~~~
~~~~~~~~~~~~~
    + CategoryInfo           
   : NotSpecified: ([31mΓ£  
  ù[39m Build failed in 2   
 .04s:String) [], RemoteE    
xception
    + FullyQualifiedErrorId  
   : NativeCommandError
 
[31merror during build:
[31m[vite:esbuild] 
Transform failed with 1 
error:
D:/Harshali/Projects/miniproj
ectTY/stroke-dashboard/src/co
mponents/charts/GenericBarCha
rt.jsx:57:7: ERROR: Multiple 
exports with the same name 
"default"[31m
file: [36mD:/Harshali/Projec
ts/miniprojectTY/stroke-dashb
oard/src/components/charts/Ge
nericBarChart.jsx:57:7[31m
[33m
[33mMultiple exports with 
the same name "default"[33m
55 |  export default 
GenericBarChart;
56 |  
57 |  export default 
GenericBarChart;
   |         ^
58 |  
[31m
    at failureErrorWithLog (D
:\Harshali\Projects\miniproje
ctTY\stroke-dashboard\node_mo
dules\esbuild\lib\main.js:146
7:15)
    at D:\Harshali\Projects\m
iniprojectTY\stroke-dashboard
\node_modules\esbuild\lib\mai
n.js:736:50
    at 
responseCallbacks.<computed> 
(D:\Harshali\Projects\minipro
jectTY\stroke-dashboard\node_
modules\esbuild\lib\main.js:6
03:9)
    at handleIncomingPacket (
D:\Harshali\Projects\miniproj
ectTY\stroke-dashboard\node_m
odules\esbuild\lib\main.js:65
8:12)
    at Socket.readFromStdout 
(D:\Harshali\Projects\minipro
jectTY\stroke-dashboard\node_
modules\esbuild\lib\main.js:5
81:7)
    at Socket.emit 
(node:events:519:28)
    at addChunk (node:interna
l/streams/readable:561:12)
    at 
readableAddChunkPushByteMode 
(node:internal/streams/readab
le:512:3)
    at Readable.push (node:in
ternal/streams/readable:392:5
)
    at Pipe.onStreamRead (nod
e:internal/stream_base_common
s:189:23)[39m
